// Jest Snapshot v1, https://goo.gl/fbAQLP

exports[`MovieForm Component matches snapshot 1`] = `
<DocumentFragment>
  <form
    class="movie-form"
    data-testid="movie-form"
  >
    <div>
      <label>
        Title:
        <input
          data-testid="title"
          name="title"
        />
      </label>
    </div>
    <div>
      <label>
        Release Date:
        <input
          data-testid="release_date"
          name="release_date"
          type="date"
        />
      </label>
    </div>
    <div>
      <label>
        Genre:
        <select
          data-testid="genres"
          multiple=""
        >
          <option
            value="Action"
          >
            Action
          </option>
          <option
            value="Crime"
          >
            Crime
          </option>
          <option
            value="Drama"
          >
            Drama
          </option>
          <option
            value="Sci-Fi"
          >
            Sci-Fi
          </option>
          <option
            value="Thriller"
          >
            Thriller
          </option>
          <option
            value="Fantasy"
          >
            Fantasy
          </option>
          <option
            value="Adventure"
          >
            Adventure
          </option>
          <option
            value="Romance"
          >
            Romance
          </option>
        </select>
      </label>
    </div>
    <div>
      <label>
        Runtime (minutes):
        <input
          data-testid="runtime"
          name="runtime"
          type="number"
        />
      </label>
    </div>
    <div>
      <label>
        Rating:
        <input
          data-testid="vote_average"
          name="vote_average"
          step="0.1"
          type="number"
        />
      </label>
    </div>
    <div>
      <label>
        Poster URL:
        <input
          data-testid="poster_path"
          name="poster_path"
        />
      </label>
    </div>
    <div>
      <label>
        Overview:
        <textarea
          data-testid="overview"
          name="overview"
          rows="5"
        />
      </label>
    </div>
    <button
      data-testid="submit-button"
      type="submit"
    >
      Submit
    </button>
  </form>
</DocumentFragment>
`;
