// Jest Snapshot v1, https://goo.gl/fbAQLP

exports[`MovieForm Component matches snapshot 1`] = `
<DocumentFragment>
  <form
    class="movie-form"
  >
    <div>
      <label>
        Title:
        <input
          name="title"
          value=""
        />
      </label>
    </div>
    <div>
      <label>
        Release Date:
        <input
          name="releaseDate"
          type="date"
          value=""
        />
      </label>
    </div>
    <div>
      <label>
        Genre:
        <select
          multiple=""
          name="genre"
        >
          <option
            value="Action"
          >
            Action
          </option>
          <option
            value="Crime"
          >
            Crime
          </option>
          <option
            value="Drama"
          >
            Drama
          </option>
          <option
            value="Sci-Fi"
          >
            Sci-Fi
          </option>
          <option
            value="Thriller"
          >
            Thriller
          </option>
          <option
            value="Fantasy"
          >
            Fantasy
          </option>
          <option
            value="Adventure"
          >
            Adventure
          </option>
          <option
            value="Romance"
          >
            Romance
          </option>
        </select>
      </label>
    </div>
    <div>
      <label>
        Runtime (minutes):
        <input
          name="runtime"
          type="number"
          value=""
        />
      </label>
    </div>
    <div>
      <label>
        Rating:
        <input
          name="rating"
          step="0.1"
          type="number"
          value=""
        />
      </label>
    </div>
    <div>
      <label>
        Poster URL:
        <input
          name="posterPath"
          value=""
        />
      </label>
    </div>
    <div>
      <label>
        Overview:
        <textarea
          name="overview"
          rows="5"
        />
      </label>
    </div>
    <button
      type="submit"
    >
      Submit
    </button>
  </form>
</DocumentFragment>
`;
